Net {terms = [Agent Succ [Agent Zero []]], equations = []}