Net {terms = [Var 1,Agent Succ [Var 1]], equations = []}