Input core:
let true = fun x -> fun y -> x
let false = fun x -> fun y -> y
let if = fun b -> fun t -> fun f -> (b t) f
let one = fun f -> fun x -> f x
let pred = fun n -> fun f -> fun x -> ((n (fun g -> fun h -> h (g f))) (fun u -> x)) (fun u -> u)
let mult = fun m -> fun n -> fun f -> fun x -> (m (n f)) x
let isZero = fun n -> (n (fun x -> false)) true
let rec fact = fun n -> ((if (isZero n)) (fun z -> one)) (fun z -> (mult n) (fact (pred n)))
let res = fact one
Result net: <⇑(λ(ϵ, a(a(λ(424, λ(432, λ(440, λ(448, a(a(424, a(432, 440)), 448))))), λ(1244, λ(1252, a(1244, 1252)))), a(λ(40, a(a(λ(c(212, 214), a(λ(688, λ(c(c(970, 866), 738), a(a(a(λ(1052, λ(1060, λ(1068, a(a(1052, 1060), 1068)))), a(λ(976, a(a(976, λ(ϵ, λ(ϵ, λ(1036, 1036)))), λ(992, λ(ϵ, 992)))), 970)), λ(ϵ, λ(1492, λ(1500, a(1492, 1500))))), λ(ϵ, a(a(λ(872, λ(880, λ(888, λ(896, a(a(872, a(880, 888)), 896))))), 866), a(688, a(λ(744, λ(752, λ(760, a(a(a(744, λ(812, λ(820, a(820, a(812, 752))))), λ(ϵ, 760)), λ(776, 776))))), 738))))))), λ(196, a(a(212, 214), 196)))), λ(c(216, 218), a(λ(692, λ(c(c(974, 870), 742), a(a(a(λ(1056, λ(1064, λ(1072, a(a(1056, 1064), 1072)))), a(λ(980, a(a(980, λ(ϵ, λ(ϵ, λ(1040, 1040)))), λ(996, λ(ϵ, 996)))), 974)), λ(ϵ, λ(1496, λ(1504, a(1496, 1504))))), λ(ϵ, a(a(λ(876, λ(884, λ(892, λ(900, a(a(876, a(884, 892)), 900))))), 870), a(692, a(λ(748, λ(756, λ(764, a(a(a(748, λ(816, λ(824, a(824, a(816, 756))))), λ(ϵ, 764)), λ(780, 780))))), 742))))))), λ(200, a(a(216, 218), 200))))), 40)), a(λ(296, λ(304, λ(312, a(a(a(296, λ(364, λ(372, a(372, a(364, 304))))), λ(ϵ, 312)), λ(328, 328))))), λ(1212, λ(1220, a(1212, 1220)))))))) | >
Reduction count: 274