Input core:
let true = fun x -> fun y -> x
let false = fun x -> fun y -> y
let if = fun b -> fun t -> fun f -> (b t) f
let one = fun f -> fun x -> f x
let pred = fun n -> fun f -> fun x -> ((n (fun g -> fun h -> h (g f))) (fun u -> x)) (fun u -> u)
let mult = fun m -> fun n -> fun f -> fun x -> (m (n f)) x
let isZero = fun n -> (n (fun x -> false)) true
let rec fact = fun n -> ((if (isZero n)) (fun z -> one)) (fun z -> (mult n) (fact (pred n)))
let res = fact one
Result net: <⇑(λ(ϵ, a(a(λ(356, λ(416, λ(492, λ(560, a(a(356, a(416, 492)), 560))))), λ(1172, λ(1236, a(1172, 1236)))), a(λ(40, a(a(λ(c(451, 447), a(λ(512, λ(c(c(711, 707), 639), a(a(a(λ(828, λ(880, λ(944, a(a(828, 880), 944)))), a(λ(888, a(a(888, λ(ϵ, λ(ϵ, λ(1184, 1184)))), λ(1020, λ(ϵ, 1020)))), 711)), λ(ϵ, λ(844, λ(900, a(844, 900))))), λ(ϵ, a(a(λ(908, λ(968, λ(1036, λ(1096, a(a(908, a(968, 1036)), 1096))))), 707), a(512, a(λ(976, λ(1044, λ(1104, a(a(a(976, λ(1324, λ(1352, a(1352, a(1324, 1044))))), λ(ϵ, 1104)), λ(1212, 1212))))), 639))))))), λ(520, a(a(451, 447), 520)))), λ(c(449, 445), a(λ(516, λ(c(c(709, 705), 637), a(a(a(λ(832, λ(884, λ(948, a(a(832, 884), 948)))), a(λ(892, a(a(892, λ(ϵ, λ(ϵ, λ(1188, 1188)))), λ(1024, λ(ϵ, 1024)))), 709)), λ(ϵ, λ(848, λ(904, a(848, 904))))), λ(ϵ, a(a(λ(912, λ(972, λ(1040, λ(1100, a(a(912, a(972, 1040)), 1100))))), 705), a(516, a(λ(980, λ(1048, λ(1108, a(a(a(980, λ(1328, λ(1356, a(1356, a(1328, 1048))))), λ(ϵ, 1108)), λ(1216, 1216))))), 637))))))), λ(524, a(a(449, 445), 524))))), 40)), a(λ(424, λ(500, λ(568, a(a(a(424, λ(812, λ(868, a(868, a(812, 500))))), λ(ϵ, 568)), λ(692, 692))))), λ(1120, λ(1180, a(1120, 1180)))))))) | >
Reduction count: 302
Parallel width: 12
Parallel height: 94