Input core:
let true = fun x -> fun y -> x
let false = fun x -> fun y -> y
let if = fun b -> fun t -> fun f -> (b t) f
let one = fun f -> fun x -> f x
let pred = fun n -> fun f -> fun x -> ((n (fun g -> fun h -> h (g f))) (fun u -> x)) (fun u -> u)
let mult = fun m -> fun n -> fun f -> fun x -> (m (n f)) x
let isZero = fun n -> (n (fun x -> false)) true
let two = fun f -> fun x -> f (f x)
let rec fact = fun n -> ((if (isZero n)) (fun z -> one)) (fun z -> (mult n) (fact (pred n)))
let res = fact two
Result net: <⇑(λ(ϵ, a(a(λ(394, λ(402, λ(410, λ(418, a(a(394, a(402, 410)), 418))))), λ(c(1314, 1322), λ(1306, a(1314, a(1322, 1306))))), a(λ(41, a(a(λ(c(182, 184), a(λ(690, λ(c(c(1004, 868), 740), a(a(a(λ(1086, λ(1094, λ(1102, a(a(1086, 1094), 1102)))), a(λ(1010, a(a(1010, λ(ϵ, λ(ϵ, λ(1070, 1070)))), λ(1026, λ(ϵ, 1026)))), 1004)), λ(ϵ, λ(962, λ(970, a(962, 970))))), λ(ϵ, a(a(λ(874, λ(882, λ(890, λ(898, a(a(874, a(882, 890)), 898))))), 868), a(690, a(λ(746, λ(754, λ(762, a(a(a(746, λ(814, λ(822, a(822, a(814, 754))))), λ(ϵ, 762)), λ(778, 778))))), 740))))))), λ(166, a(a(182, 184), 166)))), λ(c(186, 188), a(λ(694, λ(c(c(1008, 872), 744), a(a(a(λ(1090, λ(1098, λ(1106, a(a(1090, 1098), 1106)))), a(λ(1014, a(a(1014, λ(ϵ, λ(ϵ, λ(1074, 1074)))), λ(1030, λ(ϵ, 1030)))), 1008)), λ(ϵ, λ(966, λ(974, a(966, 974))))), λ(ϵ, a(a(λ(878, λ(886, λ(894, λ(902, a(a(878, a(886, 894)), 902))))), 872), a(694, a(λ(750, λ(758, λ(766, a(a(a(750, λ(818, λ(826, a(826, a(818, 758))))), λ(ϵ, 766)), λ(782, 782))))), 744))))))), λ(170, a(a(186, 188), 170))))), 41)), a(λ(266, λ(274, λ(282, a(a(a(266, λ(334, λ(342, a(342, a(334, 274))))), λ(ϵ, 282)), λ(298, 298))))), λ(c(1262, 1270), λ(1254, a(1262, a(1270, 1254))))))))) | >
Reduction count: 291