Input core:
let true = fun x -> fun y -> x
let false = fun x -> fun y -> y
let if = fun b -> fun t -> fun f -> (b t) f
let one = fun f -> fun x -> f x
let pred = fun n -> fun f -> fun x -> ((n (fun g -> fun h -> h (g f))) (fun u -> x)) (fun u -> u)
let mult = fun m -> fun n -> fun f -> fun x -> (m (n f)) x
let isZero = fun n -> (n (fun x -> false)) true
let two = fun f -> fun x -> f (f x)
let rec fact = fun n -> ((if (isZero n)) (fun z -> one)) (fun z -> (mult n) (fact (pred n)))
let res = fact two
Result net: <⇑(λ(ϵ, a(a(λ(426, λ(434, λ(442, λ(450, a(a(426, a(434, 442)), 450))))), λ(c(1362, 1370), λ(1354, a(1362, a(1370, 1354))))), a(λ(41, a(a(λ(c(214, 216), a(λ(722, λ(c(c(1036, 900), 772), a(a(a(λ(1118, λ(1126, λ(1134, a(a(1118, 1126), 1134)))), a(λ(1042, a(a(1042, λ(ϵ, λ(ϵ, λ(1102, 1102)))), λ(1058, λ(ϵ, 1058)))), 1036)), λ(ϵ, λ(994, λ(1002, a(994, 1002))))), λ(ϵ, a(a(λ(906, λ(914, λ(922, λ(930, a(a(906, a(914, 922)), 930))))), 900), a(722, a(λ(778, λ(786, λ(794, a(a(a(778, λ(846, λ(854, a(854, a(846, 786))))), λ(ϵ, 794)), λ(810, 810))))), 772))))))), λ(198, a(a(214, 216), 198)))), λ(c(218, 220), a(λ(726, λ(c(c(1040, 904), 776), a(a(a(λ(1122, λ(1130, λ(1138, a(a(1122, 1130), 1138)))), a(λ(1046, a(a(1046, λ(ϵ, λ(ϵ, λ(1106, 1106)))), λ(1062, λ(ϵ, 1062)))), 1040)), λ(ϵ, λ(998, λ(1006, a(998, 1006))))), λ(ϵ, a(a(λ(910, λ(918, λ(926, λ(934, a(a(910, a(918, 926)), 934))))), 904), a(726, a(λ(782, λ(790, λ(798, a(a(a(782, λ(850, λ(858, a(858, a(850, 790))))), λ(ϵ, 798)), λ(814, 814))))), 776))))))), λ(202, a(a(218, 220), 202))))), 41)), a(λ(298, λ(306, λ(314, a(a(a(298, λ(366, λ(374, a(374, a(366, 306))))), λ(ϵ, 314)), λ(330, 330))))), λ(c(1310, 1318), λ(1302, a(1310, a(1318, 1302))))))))) | >
Reduction count: 321