Input: <35 | ⇓(35) ⋈ a(λ(34, a(27, a(λ(30, a(a(30, λ(c(c(31, 32), 33), a(a(17, a(7, a(22, 31))), a(a(λ(13, λ(14, λ(15, λ(16, a(a(13, a(14, 15)), 16))))), a(8, a(23, 32))), a(26, 33))))), a(a(18, λ(ϵ, λ(0, 0))), λ(1, λ(2, a(1, 2)))))), 34))), λ(c(c(3, 4), 5), λ(6, a(3, a(4, a(5, 6)))))), c(26, 27) ⋈ λ(28, a(28, λ(ϵ, λ(29, 29)))), c(22, 23) ⋈ λ(24, a(24, λ(25, λ(ϵ, 25)))), c(17, 18) ⋈ λ(19, λ(20, λ(21, a(a(21, 19), 20)))), c(7, 8) ⋈ λ(9, λ(c(10, 11), λ(12, a(10, a(a(9, 11), 12)))))>
Output: <⇑(λ(1410, λ(1120, a(a(λ(c(1143, 1139), λ(1144, a(1143, a(a(λ(c(3633, 3629), λ(3640, a(3633, a(a(λ(c(3989, 3985), λ(3996, a(3989, a(a(λ(ϵ, λ(4460, 4460)), 3985), 3996)))), 3629), 3640)))), 1139), 1144)))), a(λ(3726, λ(3544, a(a(λ(c(3781, 3777), λ(3788, a(3781, a(a(λ(c(4193, 4189), λ(4200, a(4193, a(a(λ(ϵ, λ(4632, 4632)), 4189), 4200)))), 3777), 3788)))), a(λ(3804, λ(3884, a(a(λ(c(4221, 4217), λ(4228, a(4221, a(a(λ(ϵ, λ(4652, 4652)), 4217), 4228)))), a(λ(4244, λ(4348, a(4244, 4348))), 3804)), 3884))), 3726)), 3544))), 1410)), 1120)))) | >
Reduction count: 1231
Parallel width: 22
Parallel height: 256
Parallel width history: [5,6,8,6,8,5,3,1,2,2,1,1,1,1,1,1,2,4,4,2,2,2,2,3,4,6,8,12,16,19,22,22,20,18,13,5,2,2,2,1,1,1,1,1,2,4,7,11,11,10,6,3,3,3,4,4,4,3,3,3,3,4,6,6,5,3,3,3,4,5,4,3,3,3,4,4,4,5,4,2,2,2,2,2,2,2,2,1,1,1,1,1,1,1,1,1,1,1,1,1,1,1,1,1,2,4,7,11,11,10,10,13,13,12,14,11,8,6,4,3,3,4,6,6,5,3,3,3,4,5,4,5,5,5,6,5,4,5,6,8,8,7,9,8,6,5,3,1,1,1,1,1,1,1,1,1,1,1,1,1,1,1,1,1,2,4,7,11,11,10,10,13,13,12,14,15,18,16,15,17,14,12,12,8,5,3,3,3,4,5,4,5,5,5,6,5,6,7,8,10,9,7,9,10,12,11,10,12,11,9,7,3,1,1,1,1,1,1,1,1,1,1,1,1,1,2,1,1,1,1,1,1,2,3,1,1,1,1,1,2,3,2,3,3,3,2,1,2,2,2,2,1,2,2,2,2]