Input: <36 | ⇓(36) ⋈ a(λ(35, a(28, a(λ(31, a(a(31, λ(c(c(32, 33), 34), a(a(18, a(8, a(23, 32))), a(a(λ(14, λ(15, λ(16, λ(17, a(a(14, a(15, 16)), 17))))), a(9, a(24, 33))), a(27, 34))))), a(a(19, λ(ϵ, λ(0, 0))), λ(1, λ(2, a(1, 2)))))), 35))), λ(c(c(3, 4), c(5, 6)), λ(7, a(3, a(4, a(5, a(6, 7))))))), c(27, 28) ⋈ λ(29, a(29, λ(ϵ, λ(30, 30)))), c(23, 24) ⋈ λ(25, a(25, λ(26, λ(ϵ, 26)))), c(18, 19) ⋈ λ(20, λ(21, λ(22, a(a(22, 20), 21)))), c(8, 9) ⋈ λ(10, λ(c(11, 12), λ(13, a(11, a(a(10, 12), 13)))))>
Output: <⇑(λ(1876, λ(1426, a(a(λ(c(1457, 1453), λ(1466, a(1457, a(a(λ(c(5771, 5767), λ(5778, a(5771, a(a(λ(c(6127, 6123), λ(6134, a(6127, a(a(λ(c(6607, 6603), λ(6614, a(6607, a(a(λ(ϵ, λ(7226, 7226)), 6603), 6614)))), 6123), 6134)))), 5767), 5778)))), 1453), 1466)))), a(λ(5864, λ(5682, a(a(λ(c(5919, 5915), λ(5926, a(5919, a(a(λ(c(6331, 6327), λ(6338, a(6331, a(a(λ(c(6855, 6851), λ(6862, a(6855, a(a(λ(ϵ, λ(7442, 7442)), 6851), 6862)))), 6327), 6338)))), 5915), 5926)))), a(λ(5942, λ(6022, a(a(λ(c(6359, 6355), λ(6366, a(6359, a(a(λ(c(6883, 6879), λ(6890, a(6883, a(a(λ(ϵ, λ(7462, 7462)), 6879), 6890)))), 6355), 6366)))), a(λ(6382, λ(6486, a(a(λ(c(6911, 6907), λ(6918, a(6911, a(a(λ(ϵ, λ(7482, 7482)), 6907), 6918)))), a(λ(6934, λ(7074, a(6934, 7074))), 6382)), 6486))), 5942)), 6022))), 5864)), 5682))), 1876)), 1426)))) | >
Reduction count: 1938
Parallel width: 33
Parallel height: 322
Parallel width history: [5,6,8,6,8,5,3,1,2,2,1,1,1,1,1,1,2,4,4,2,2,2,2,3,5,8,11,16,23,27,32,33,30,27,21,9,2,2,2,2,1,1,1,1,1,2,4,7,11,11,10,6,3,3,3,4,4,4,3,3,3,3,4,6,6,5,3,3,3,4,5,4,3,3,3,4,4,4,5,4,2,2,2,2,2,2,2,2,1,1,1,1,1,1,1,1,1,1,1,1,1,1,1,1,1,2,4,7,11,11,10,10,13,13,12,14,11,8,6,4,3,3,4,6,6,5,3,3,3,4,5,4,5,5,5,6,5,4,5,6,8,8,7,9,8,6,5,3,1,1,1,1,1,1,1,1,1,1,1,1,1,1,1,1,1,2,4,7,11,11,10,10,13,13,12,14,15,18,16,15,17,14,12,12,8,5,3,3,3,4,5,4,5,5,5,6,5,6,7,8,10,9,7,9,10,12,11,10,12,11,9,7,3,1,1,1,1,1,1,1,1,1,1,1,1,2,4,7,11,11,10,10,13,13,12,14,15,18,16,15,17,18,22,22,21,23,18,15,12,7,5,4,5,5,5,6,5,6,7,8,10,9,9,11,12,14,12,10,12,13,15,13,12,16,15,13,10,4,1,1,1,1,1,1,1,1,2,1,1,1,1,1,1,2,3,1,1,1,1,1,2,3,2,3,3,3,2,1,2,2,2,2,1,2,2,2,2,1,2,2,2,2]