Input net: <33 | ⇓(33) ⋈ a(λ(32, a(25, a(λ(28, a(a(28, λ(c(c(29, 30), 31), a(a(15, a(5, a(20, 29))), a(a(λ(11, λ(12, λ(13, λ(14, a(a(11, a(12, 13)), 14))))), a(6, a(21, 30))), a(24, 31))))), a(a(16, λ(ϵ, λ(0, 0))), 1))), 32))), 2), c(24, 25) ⋈ λ(26, a(26, λ(ϵ, λ(27, 27)))), c(20, 21) ⋈ λ(22, a(22, λ(23, λ(ϵ, 23)))), c(15, 16) ⋈ λ(17, λ(18, λ(19, a(a(19, 17), 18)))), c(5, 6) ⋈ λ(7, λ(c(8, 9), λ(10, a(8, a(a(7, 9), 10))))), c(1, 2) ⋈ λ(3, λ(4, a(3, 4)))>
Output net: <⇑(λ(46, λ(14, a(a(λ(c(240, 258), λ(232, a(240, a(a(λ(ϵ, λ(672, 672)), 258), 232)))), a(λ(560, λ(552, a(560, 552))), 46)), 14)))) | >
Reduction count: 266