Input: <38 | ⇓(38) ⋈ a(λ(37, a(30, a(λ(33, a(a(33, λ(c(c(34, 35), 36), a(a(20, a(10, a(25, 34))), a(a(λ(16, λ(17, λ(18, λ(19, a(a(16, a(17, 18)), 19))))), a(11, a(26, 35))), a(29, 36))))), a(a(21, λ(ϵ, λ(0, 0))), λ(1, λ(2, a(1, 2)))))), 37))), λ(c(c(c(3, 4), 5), c(c(6, 7), 8)), λ(9, a(3, a(4, a(5, a(6, a(7, a(8, 9))))))))), c(29, 30) ⋈ λ(31, a(31, λ(ϵ, λ(32, 32)))), c(25, 26) ⋈ λ(27, a(27, λ(28, λ(ϵ, 28)))), c(20, 21) ⋈ λ(22, λ(23, λ(24, a(a(24, 22), 23)))), c(10, 11) ⋈ λ(12, λ(c(13, 14), λ(15, a(13, a(a(12, 14), 15)))))>
Output: <⇑(λ(2860, λ(2210, a(a(λ(c(2261, 2257), λ(2270, a(2261, a(a(λ(c(12015, 12011), λ(12022, a(12015, a(a(λ(c(12371, 12367), λ(12378, a(12371, a(a(λ(c(12851, 12847), λ(12858, a(12851, a(a(λ(c(13479, 13475), λ(13486, a(13479, a(a(λ(c(14191, 14187), λ(14198, a(14191, a(a(λ(ϵ, λ(15014, 15014)), 14187), 14198)))), 13475), 13486)))), 12847), 12858)))), 12367), 12378)))), 12011), 12022)))), 2257), 2270)))), a(λ(12108, λ(11926, a(a(λ(c(12163, 12159), λ(12170, a(12163, a(a(λ(c(12575, 12571), λ(12582, a(12575, a(a(λ(c(13099, 13095), λ(13106, a(13099, a(a(λ(c(13771, 13767), λ(13778, a(13771, a(a(λ(c(14531, 14527), λ(14538, a(14531, a(a(λ(ϵ, λ(15318, 15318)), 14527), 14538)))), 13767), 13778)))), 13095), 13106)))), 12571), 12582)))), 12159), 12170)))), a(λ(12186, λ(12266, a(a(λ(c(12603, 12599), λ(12610, a(12603, a(a(λ(c(13127, 13123), λ(13134, a(13127, a(a(λ(c(13799, 13795), λ(13806, a(13799, a(a(λ(c(14559, 14555), λ(14566, a(14559, a(a(λ(ϵ, λ(15338, 15338)), 14555), 14566)))), 13795), 13806)))), 13123), 13134)))), 12599), 12610)))), a(λ(12626, λ(12730, a(a(λ(c(13155, 13151), λ(13162, a(13155, a(a(λ(c(13827, 13823), λ(13834, a(13827, a(a(λ(c(14587, 14583), λ(14594, a(14587, a(a(λ(ϵ, λ(15358, 15358)), 14583), 14594)))), 13823), 13834)))), 13151), 13162)))), a(λ(13178, λ(13318, a(a(λ(c(13855, 13851), λ(13862, a(13855, a(a(λ(c(14615, 14611), λ(14622, a(14615, a(a(λ(ϵ, λ(15378, 15378)), 14611), 14622)))), 13851), 13862)))), a(λ(13878, λ(14030, a(a(λ(c(14643, 14639), λ(14650, a(14643, a(a(λ(ϵ, λ(15398, 15398)), 14639), 14650)))), a(λ(14666, λ(14842, a(14666, 14842))), 13878)), 14030))), 13178)), 13318))), 12626)), 12730))), 12186)), 12266))), 12108)), 11926))), 2860)), 2210)))) | >
Reduction count: 4033
Parallel width: 53
Parallel height: 454
Parallel width history: [5,6,8,6,8,5,3,1,2,2,1,1,1,1,1,1,2,4,4,2,2,2,2,3,5,10,15,22,31,41,48,53,52,47,39,25,10,2,2,2,2,2,1,1,1,1,1,2,4,7,11,11,10,6,3,3,3,4,4,4,3,3,3,3,4,6,6,5,3,3,3,4,5,4,3,3,3,4,4,4,5,4,2,2,2,2,2,2,2,2,1,1,1,1,1,1,1,1,1,1,1,1,1,1,1,1,1,2,4,7,11,11,10,10,13,13,12,14,11,8,6,4,3,3,4,6,6,5,3,3,3,4,5,4,5,5,5,6,5,4,5,6,8,8,7,9,8,6,5,3,1,1,1,1,1,1,1,1,1,1,1,1,1,1,1,1,1,2,4,7,11,11,10,10,13,13,12,14,15,18,16,15,17,14,12,12,8,5,3,3,3,4,5,4,5,5,5,6,5,6,7,8,10,9,7,9,10,12,11,10,12,11,9,7,3,1,1,1,1,1,1,1,1,1,1,1,1,2,4,7,11,11,10,10,13,13,12,14,15,18,16,15,17,18,22,22,21,23,18,15,12,7,5,4,5,5,5,6,5,6,7,8,10,9,9,11,12,14,12,10,12,13,15,13,12,16,15,13,10,4,1,1,1,1,1,1,1,2,4,7,11,11,10,10,13,13,12,14,15,18,16,15,17,18,22,22,21,23,22,25,22,22,27,23,21,17,9,6,5,6,7,8,10,9,9,11,12,14,12,12,14,15,17,14,12,16,17,19,16,15,20,19,17,13,5,1,1,2,4,7,11,11,10,10,13,13,12,14,15,18,16,15,17,18,22,22,21,23,22,25,22,22,27,27,31,27,26,32,28,26,22,13,10,9,9,11,12,14,12,12,14,15,17,14,14,18,19,21,17,15,20,21,23,19,18,24,23,21,17,6,1,1,1,1,1,2,3,1,1,1,1,1,2,3,2,3,3,3,2,1,2,2,2,2,1,2,2,2,2,1,2,2,2,2,1,2,2,2,2,1,2,2,2,2]