Input: <35 | ⇓(35) ⋈ a(λ(34, a(27, a(λ(30, a(a(30, λ(c(c(31, 32), 33), a(a(17, a(7, a(22, 31))), a(a(λ(13, λ(14, λ(15, λ(16, a(a(13, a(14, 15)), 16))))), a(8, a(23, 32))), a(26, 33))))), a(a(18, λ(ϵ, λ(0, 0))), λ(1, λ(2, a(1, 2)))))), 34))), λ(c(c(3, 4), 5), λ(6, a(3, a(4, a(5, 6)))))), c(26, 27) ⋈ λ(28, a(28, λ(ϵ, λ(29, 29)))), c(22, 23) ⋈ λ(24, a(24, λ(25, λ(ϵ, 25)))), c(17, 18) ⋈ λ(19, λ(20, λ(21, a(a(21, 19), 20)))), c(7, 8) ⋈ λ(9, λ(c(10, 11), λ(12, a(10, a(a(9, 11), 12)))))>
Output: <⇑(λ(1350, λ(1060, a(a(λ(c(1083, 1079), λ(1084, a(1083, a(a(λ(c(3213, 3209), λ(3220, a(3213, a(a(λ(c(3525, 3521), λ(3532, a(3525, a(a(λ(ϵ, λ(3948, 3948)), 3521), 3532)))), 3209), 3220)))), 1079), 1084)))), a(λ(3298, λ(3152, a(a(λ(c(3345, 3341), λ(3352, a(3345, a(a(λ(c(3705, 3701), λ(3712, a(3705, a(a(λ(ϵ, λ(4100, 4100)), 3701), 3712)))), 3341), 3352)))), a(λ(3368, λ(3440, a(a(λ(c(3733, 3729), λ(3740, a(3733, a(a(λ(ϵ, λ(4120, 4120)), 3729), 3740)))), a(λ(3756, λ(3852, a(3756, 3852))), 3368)), 3440))), 3298)), 3152))), 1350)), 1060)))) | >
Reduction count: 1097
Parallel width: 22
Parallel height: 414
Parallel width history: [5,5,8,6,8,5,3,1,1,1,1,1,1,1,1,1,1,1,1,1,1,1,2,4,6,8,12,16,19,22,22,20,18,13,5,1,1,1,1,1,1,1,1,1,1,1,1,1,1,1,1,2,3,4,6,7,7,4,1,1,1,1,1,1,1,1,1,1,1,1,1,1,1,1,1,1,1,1,1,1,1,1,2,2,2,3,1,1,1,1,1,1,1,1,1,1,1,1,1,1,1,1,1,1,1,1,1,1,1,1,1,1,1,1,1,1,1,1,1,1,1,2,2,2,3,1,1,1,1,1,1,1,1,1,1,1,1,1,1,1,1,1,1,1,1,1,1,1,2,3,2,1,1,1,1,1,1,1,1,1,1,1,2,3,4,6,7,7,8,11,11,10,11,8,5,4,2,1,1,1,1,1,1,1,1,1,1,1,1,1,1,1,1,2,2,2,3,3,5,3,4,5,3,3,2,1,1,1,1,1,1,1,1,1,1,1,1,1,1,1,1,1,1,1,1,1,1,1,1,1,1,1,2,2,2,3,3,5,3,4,5,3,3,2,1,1,1,1,1,1,1,1,1,1,1,1,1,1,1,2,3,2,3,3,3,3,2,1,1,1,1,1,1,2,3,4,6,7,7,8,11,11,10,11,12,15,14,13,15,12,9,7,3,1,1,1,1,1,1,1,1,1,1,1,2,2,2,3,3,5,3,4,5,5,7,4,6,7,5,5,3,1,1,1,1,1,1,1,1,1,1,1,1,1,1,1,1,1,1,1,1,1,1,2,2,2,3,3,5,3,4,5,5,7,4,6,7,5,5,3,1,1,1,1,1,1,1,1,1,1,2,3,2,3,3,3,3,2,3,3,3,3,2,1,1,1,1,1,1,1,1,1,1,1,1,1,1,2,3,2,3,3,3,2,1,2,2,2,2,1,2,2,2,2]