Input: <34 | ⇓(34) ⋈ a(λ(33, a(26, a(λ(29, a(a(29, λ(c(c(30, 31), 32), a(a(16, a(6, a(21, 30))), a(a(λ(12, λ(13, λ(14, λ(15, a(a(12, a(13, 14)), 15))))), a(7, a(22, 31))), a(25, 32))))), a(a(17, λ(ϵ, λ(0, 0))), λ(1, λ(2, a(1, 2)))))), 33))), λ(c(3, 4), λ(5, a(3, a(4, 5))))), c(25, 26) ⋈ λ(27, a(27, λ(ϵ, λ(28, 28)))), c(21, 22) ⋈ λ(23, a(23, λ(24, λ(ϵ, 24)))), c(16, 17) ⋈ λ(18, λ(19, λ(20, a(a(20, 18), 19)))), c(6, 7) ⋈ λ(8, λ(c(9, 10), λ(11, a(9, a(a(8, 10), 11)))))>
Output: <⇑(λ(924, λ(750, a(a(λ(c(765, 761), λ(766, a(765, a(a(λ(c(1991, 1987), λ(1998, a(1991, a(a(λ(ϵ, λ(2338, 2338)), 1987), 1998)))), 761), 766)))), a(λ(2084, λ(1902, a(a(λ(c(2139, 2135), λ(2146, a(2139, a(a(λ(ϵ, λ(2466, 2466)), 2135), 2146)))), a(λ(2162, λ(2242, a(2162, 2242))), 2084)), 1902))), 924)), 750)))) | >
Reduction count: 703
Parallel width: 14
Parallel height: 190
Parallel width history: [5,6,8,6,8,5,3,1,2,2,1,1,1,1,1,1,2,4,4,2,2,2,2,3,3,4,5,8,9,11,12,11,10,9,5,1,2,2,1,1,1,1,1,2,4,7,11,11,10,6,3,3,3,4,4,4,3,3,3,3,4,6,6,5,3,3,3,4,5,4,3,3,3,4,4,4,5,4,2,2,2,2,2,2,2,2,1,1,1,1,1,1,1,1,1,1,1,1,1,1,1,1,1,2,4,7,11,11,10,10,13,13,12,14,11,8,6,4,3,3,4,6,6,5,3,3,3,4,5,4,5,5,5,6,5,4,5,6,8,8,7,9,8,6,5,3,1,1,1,1,1,1,1,1,1,1,1,1,1,1,1,1,1,1,2,1,1,1,1,1,1,2,3,1,1,1,1,1,2,3,2,3,3,3,2,1,2,2,2,2]