Input: <38 | ⇓(38) ⋈ a(λ(37, a(30, a(λ(33, a(a(33, λ(c(c(34, 35), 36), a(a(20, a(10, a(25, 34))), a(a(λ(16, λ(17, λ(18, λ(19, a(a(16, a(17, 18)), 19))))), a(11, a(26, 35))), a(29, 36))))), a(a(21, λ(ϵ, λ(0, 0))), λ(1, λ(2, a(1, 2)))))), 37))), λ(c(c(c(3, 4), 5), c(c(6, 7), 8)), λ(9, a(3, a(4, a(5, a(6, a(7, a(8, 9))))))))), c(29, 30) ⋈ λ(31, a(31, λ(ϵ, λ(32, 32)))), c(25, 26) ⋈ λ(27, a(27, λ(28, λ(ϵ, 28)))), c(20, 21) ⋈ λ(22, λ(23, λ(24, a(a(24, 22), 23)))), c(10, 11) ⋈ λ(12, λ(c(13, 14), λ(15, a(13, a(a(12, 14), 15)))))>
Output: <⇑(λ(2800, λ(2150, a(a(λ(c(2201, 2197), λ(2210, a(2201, a(a(λ(c(11139, 11135), λ(11146, a(11139, a(a(λ(c(11451, 11447), λ(11458, a(11451, a(a(λ(c(11883, 11879), λ(11890, a(11883, a(a(λ(c(12435, 12431), λ(12442, a(12435, a(a(λ(c(13107, 13103), λ(13114, a(13107, a(a(λ(ϵ, λ(13890, 13890)), 13103), 13114)))), 12431), 12442)))), 11879), 11890)))), 11447), 11458)))), 11135), 11146)))), 2197), 2210)))), a(λ(11224, λ(11078, a(a(λ(c(11271, 11267), λ(11278, a(11271, a(a(λ(c(11631, 11627), λ(11638, a(11631, a(a(λ(c(12111, 12107), λ(12118, a(12111, a(a(λ(c(12711, 12707), λ(12718, a(12711, a(a(λ(c(13431, 13427), λ(13438, a(13431, a(a(λ(ϵ, λ(14186, 14186)), 13427), 13438)))), 12707), 12718)))), 12107), 12118)))), 11627), 11638)))), 11267), 11278)))), a(λ(11294, λ(11366, a(a(λ(c(11659, 11655), λ(11666, a(11659, a(a(λ(c(12139, 12135), λ(12146, a(12139, a(a(λ(c(12739, 12735), λ(12746, a(12739, a(a(λ(c(13459, 13455), λ(13466, a(13459, a(a(λ(ϵ, λ(14206, 14206)), 13455), 13466)))), 12735), 12746)))), 12135), 12146)))), 11655), 11666)))), a(λ(11682, λ(11778, a(a(λ(c(12167, 12163), λ(12174, a(12167, a(a(λ(c(12767, 12763), λ(12774, a(12767, a(a(λ(c(13487, 13483), λ(13494, a(13487, a(a(λ(ϵ, λ(14226, 14226)), 13483), 13494)))), 12763), 12774)))), 12163), 12174)))), a(λ(12190, λ(12310, a(a(λ(c(12795, 12791), λ(12802, a(12795, a(a(λ(c(13515, 13511), λ(13522, a(13515, a(a(λ(ϵ, λ(14246, 14246)), 13511), 13522)))), 12791), 12802)))), a(λ(12818, λ(12962, a(a(λ(c(13543, 13539), λ(13550, a(13543, a(a(λ(ϵ, λ(14266, 14266)), 13539), 13550)))), a(λ(13566, λ(13734, a(13566, 13734))), 12818)), 12962))), 12190)), 12310))), 11682)), 11778))), 11294)), 11366))), 11224)), 11078))), 2800)), 2150)))) | >
Reduction count: 3785
Parallel width: 53
Parallel height: 771
Parallel width history: [5,5,8,6,8,5,3,1,1,1,1,1,1,1,1,1,1,1,1,1,1,1,2,5,10,15,22,31,41,48,53,52,47,39,25,9,1,1,1,1,1,1,1,1,1,1,1,1,1,1,1,1,1,1,1,1,1,1,1,1,2,3,4,6,7,7,4,1,1,1,1,1,1,1,1,1,1,1,1,1,1,1,1,1,1,1,1,1,1,1,1,2,2,2,3,1,1,1,1,1,1,1,1,1,1,1,1,1,1,1,1,1,1,1,1,1,1,1,1,1,1,1,1,1,1,1,1,1,1,1,2,2,2,3,1,1,1,1,1,1,1,1,1,1,1,1,1,1,1,1,1,1,1,1,1,1,1,2,3,2,1,1,1,1,1,1,1,1,1,1,1,2,3,4,6,7,7,8,11,11,10,11,8,5,4,2,1,1,1,1,1,1,1,1,1,1,1,1,1,1,1,1,2,2,2,3,3,5,3,4,5,3,3,2,1,1,1,1,1,1,1,1,1,1,1,1,1,1,1,1,1,1,1,1,1,1,1,1,1,1,1,2,2,2,3,3,5,3,4,5,3,3,2,1,1,1,1,1,1,1,1,1,1,1,1,1,1,1,2,3,2,3,3,3,3,2,1,1,1,1,1,1,2,3,4,6,7,7,8,11,11,10,11,12,15,14,13,15,12,9,7,3,1,1,1,1,1,1,1,1,1,1,1,2,2,2,3,3,5,3,4,5,5,7,4,6,7,5,5,3,1,1,1,1,1,1,1,1,1,1,1,1,1,1,1,1,1,1,1,1,1,1,2,2,2,3,3,5,3,4,5,5,7,4,6,7,5,5,3,1,1,1,1,1,1,1,1,1,1,2,3,2,3,3,3,3,2,3,3,3,3,2,1,2,3,4,6,7,7,8,11,11,10,11,12,15,14,13,15,16,19,17,16,19,16,13,10,4,1,1,1,1,1,1,2,2,2,3,3,5,3,4,5,5,7,4,6,7,7,9,5,8,9,7,7,4,1,1,1,1,1,1,1,1,1,1,1,1,1,1,1,1,1,2,2,2,3,3,5,3,4,5,5,7,4,6,7,7,9,5,8,9,7,7,4,1,1,1,1,1,2,3,2,3,3,3,3,2,3,3,3,3,2,3,4,5,6,7,7,7,8,11,11,10,11,12,15,14,13,15,16,19,17,16,19,20,23,20,19,23,20,17,13,5,1,2,2,2,3,3,5,3,4,5,5,7,4,6,7,7,9,5,8,9,9,11,6,10,11,9,9,5,1,1,1,1,1,1,1,1,1,1,1,1,2,2,2,3,3,5,3,4,5,5,7,4,6,7,7,9,5,8,9,9,11,6,10,11,9,9,5,2,3,2,3,3,3,3,2,3,3,3,3,2,3,4,5,6,7,9,9,10,13,12,10,11,12,15,14,13,15,16,19,17,16,19,20,23,20,19,23,24,27,23,22,27,25,22,17,8,3,5,3,4,5,5,7,4,6,7,7,9,5,8,9,9,11,6,10,11,11,13,7,12,13,11,11,6,1,1,1,1,1,1,1,2,2,2,3,3,5,3,4,5,5,7,4,6,7,7,9,5,8,9,9,11,6,10,11,11,13,7,13,15,12,13,8,3,3,2,3,3,3,3,2,3,3,3,3,2,3,3,3,3,2,3,3,3,3,3,3,2,3,3,3,2,1,2,2,2,2,1,2,2,2,2,1,2,2,2,2,1,2,2,2,2,1,2,2,2,2]