Input: <37 | ⇓(37) ⋈ a(λ(36, a(29, a(λ(32, a(a(32, λ(c(c(33, 34), 35), a(a(19, a(9, a(24, 33))), a(a(λ(15, λ(16, λ(17, λ(18, a(a(15, a(16, 17)), 18))))), a(10, a(25, 34))), a(28, 35))))), a(a(20, λ(ϵ, λ(0, 0))), λ(1, λ(2, a(1, 2)))))), 36))), λ(c(c(c(3, 4), c(5, 6)), 7), λ(8, a(7, a(3, a(4, a(5, a(6, 8)))))))), c(28, 29) ⋈ λ(30, a(30, λ(ϵ, λ(31, 31)))), c(24, 25) ⋈ λ(26, a(26, λ(27, λ(ϵ, 27)))), c(19, 20) ⋈ λ(21, λ(22, λ(23, a(a(23, 21), 22)))), c(9, 10) ⋈ λ(11, λ(c(12, 13), λ(14, a(12, a(a(11, 13), 14)))))>
Output: <⇑(λ(2098, λ(1328, a(a(λ(c(1361, 1357), λ(1368, a(1361, a(a(λ(c(8525, 8521), λ(8532, a(8525, a(a(λ(c(8881, 8877), λ(8888, a(8881, a(a(λ(c(9361, 9357), λ(9368, a(9361, a(a(λ(c(9989, 9985), λ(9996, a(9989, a(a(λ(ϵ, λ(10692, 10692)), 9985), 9996)))), 9357), 9368)))), 8877), 8888)))), 8521), 8532)))), 1357), 1368)))), a(λ(8618, λ(8436, a(a(λ(c(8673, 8669), λ(8680, a(8673, a(a(λ(c(9085, 9081), λ(9092, a(9085, a(a(λ(c(9609, 9605), λ(9616, a(9609, a(a(λ(c(10281, 10277), λ(10288, a(10281, a(a(λ(ϵ, λ(10956, 10956)), 10277), 10288)))), 9605), 9616)))), 9081), 9092)))), 8669), 8680)))), a(λ(8696, λ(8776, a(a(λ(c(9113, 9109), λ(9120, a(9113, a(a(λ(c(9637, 9633), λ(9644, a(9637, a(a(λ(c(10309, 10305), λ(10316, a(10309, a(a(λ(ϵ, λ(10976, 10976)), 10305), 10316)))), 9633), 9644)))), 9109), 9120)))), a(λ(9136, λ(9240, a(a(λ(c(9665, 9661), λ(9672, a(9665, a(a(λ(c(10337, 10333), λ(10344, a(10337, a(a(λ(ϵ, λ(10996, 10996)), 10333), 10344)))), 9661), 9672)))), a(λ(9688, λ(9828, a(a(λ(c(10365, 10361), λ(10372, a(10365, a(a(λ(ϵ, λ(11016, 11016)), 10361), 10372)))), a(λ(10388, λ(10540, a(10388, 10540))), 9688)), 9828))), 9136)), 9240))), 8696)), 8776))), 8618)), 8436))), 2098)), 1328)))) | >
Reduction count: 2860
Parallel width: 42
Parallel height: 388
Parallel width history: [5,6,8,6,8,5,3,1,2,2,1,1,1,1,1,1,2,4,4,2,2,2,2,3,4,8,12,18,24,33,38,42,42,38,31,21,10,2,2,2,2,1,1,1,1,1,2,4,7,11,11,10,6,3,3,3,4,4,4,3,3,3,3,4,6,6,5,3,3,3,4,5,4,3,3,3,4,4,4,5,4,2,2,2,2,2,2,2,2,1,1,1,1,1,1,1,1,1,1,1,1,1,1,1,1,1,2,4,7,11,11,10,10,13,13,12,14,11,8,6,4,3,3,4,6,6,5,3,3,3,4,5,4,5,5,5,6,5,4,5,6,8,8,7,9,8,6,5,3,1,1,1,1,1,1,1,1,1,1,1,1,1,1,1,1,1,2,4,7,11,11,10,10,13,13,12,14,15,18,16,15,17,14,12,12,8,5,3,3,3,4,5,4,5,5,5,6,5,6,7,8,10,9,7,9,10,12,11,10,12,11,9,7,3,1,1,1,1,1,1,1,1,1,1,1,1,2,4,7,11,11,10,10,13,13,12,14,15,18,16,15,17,18,22,22,21,23,18,15,12,7,5,4,5,5,5,6,5,6,7,8,10,9,9,11,12,14,12,10,12,13,15,13,12,16,15,13,10,4,1,1,1,1,1,1,1,2,4,7,11,11,10,10,13,13,12,14,15,18,16,15,17,18,22,22,21,23,22,25,22,22,27,23,21,17,9,6,5,6,7,8,10,9,9,11,12,14,12,12,14,15,17,14,12,16,17,19,16,15,20,19,17,13,5,1,1,1,2,1,1,1,1,1,1,2,3,1,1,1,1,1,2,3,2,3,3,3,2,1,2,2,2,2,1,2,2,2,2,1,2,2,2,2,1,2,2,2,2]