Input: <33 | ⇓(33) ⋈ a(λ(32, a(25, a(λ(28, a(a(28, λ(c(c(29, 30), 31), a(a(15, a(5, a(20, 29))), a(a(λ(11, λ(12, λ(13, λ(14, a(a(11, a(12, 13)), 14))))), a(6, a(21, 30))), a(24, 31))))), a(a(16, 0), λ(3, λ(4, a(3, 4)))))), 32))), 1), c(24, 25) ⋈ λ(26, a(26, λ(ϵ, λ(27, 27)))), c(20, 21) ⋈ λ(22, a(22, λ(23, λ(ϵ, 23)))), c(15, 16) ⋈ λ(17, λ(18, λ(19, a(a(19, 17), 18)))), c(5, 6) ⋈ λ(7, λ(c(8, 9), λ(10, a(8, a(a(7, 9), 10))))), c(0, 1) ⋈ λ(ϵ, λ(2, 2))>
Output: <⇑(λ(53, λ(4, a(53, 4)))) | >
Reduction count: 179
Parallel width: 12
Parallel height: 61
Parallel width history: [6,7,9,6,8,5,3,1,1,1,1,1,1,1,1,1,1,1,1,1,1,1,2,3,4,5,8,9,11,12,11,10,9,5,1,1,1,1,1,1,1,1,1,1,1,1,1,1,1,1,1,1,1,1,1,2,3,2,1,1,1]