Input: <36 | ⇓(36) ⋈ a(λ(35, a(28, a(λ(31, a(a(31, λ(c(c(32, 33), 34), a(a(18, a(8, a(23, 32))), a(a(λ(14, λ(15, λ(16, λ(17, a(a(14, a(15, 16)), 17))))), a(9, a(24, 33))), a(27, 34))))), a(a(19, λ(ϵ, λ(0, 0))), λ(1, λ(2, a(1, 2)))))), 35))), λ(c(c(3, 4), c(5, 6)), λ(7, a(3, a(4, a(5, a(6, 7))))))), c(27, 28) ⋈ λ(29, a(29, λ(ϵ, λ(30, 30)))), c(23, 24) ⋈ λ(25, a(25, λ(26, λ(ϵ, 26)))), c(18, 19) ⋈ λ(20, λ(21, λ(22, a(a(22, 20), 21)))), c(8, 9) ⋈ λ(10, λ(c(11, 12), λ(13, a(11, a(a(10, 12), 13)))))>
Output: <⇑(λ(1816, λ(1366, a(a(λ(c(1397, 1393), λ(1406, a(1397, a(a(λ(c(5199, 5195), λ(5206, a(5199, a(a(λ(c(5511, 5507), λ(5518, a(5511, a(a(λ(c(5943, 5939), λ(5950, a(5943, a(a(λ(ϵ, λ(6486, 6486)), 5939), 5950)))), 5507), 5518)))), 5195), 5206)))), 1393), 1406)))), a(λ(5284, λ(5138, a(a(λ(c(5331, 5327), λ(5338, a(5331, a(a(λ(c(5691, 5687), λ(5698, a(5691, a(a(λ(c(6171, 6167), λ(6178, a(6171, a(a(λ(ϵ, λ(6686, 6686)), 6167), 6178)))), 5687), 5698)))), 5327), 5338)))), a(λ(5354, λ(5426, a(a(λ(c(5719, 5715), λ(5726, a(5719, a(a(λ(c(6199, 6195), λ(6206, a(6199, a(a(λ(ϵ, λ(6706, 6706)), 6195), 6206)))), 5715), 5726)))), a(λ(5742, λ(5838, a(a(λ(c(6227, 6223), λ(6234, a(6227, a(a(λ(ϵ, λ(6726, 6726)), 6223), 6234)))), a(λ(6250, λ(6370, a(6250, 6370))), 5742)), 5838))), 5354)), 5426))), 5284)), 5138))), 1816)), 1366)))) | >
Reduction count: 1766
Parallel width: 33
Parallel height: 533
Parallel width history: [5,5,8,6,8,5,3,1,1,1,1,1,1,1,1,1,1,1,1,1,1,1,2,5,8,11,16,23,27,32,33,30,27,21,9,1,1,1,1,1,1,1,1,1,1,1,1,1,1,1,1,1,1,1,2,3,4,6,7,7,4,1,1,1,1,1,1,1,1,1,1,1,1,1,1,1,1,1,1,1,1,1,1,1,1,2,2,2,3,1,1,1,1,1,1,1,1,1,1,1,1,1,1,1,1,1,1,1,1,1,1,1,1,1,1,1,1,1,1,1,1,1,1,1,2,2,2,3,1,1,1,1,1,1,1,1,1,1,1,1,1,1,1,1,1,1,1,1,1,1,1,2,3,2,1,1,1,1,1,1,1,1,1,1,1,2,3,4,6,7,7,8,11,11,10,11,8,5,4,2,1,1,1,1,1,1,1,1,1,1,1,1,1,1,1,1,2,2,2,3,3,5,3,4,5,3,3,2,1,1,1,1,1,1,1,1,1,1,1,1,1,1,1,1,1,1,1,1,1,1,1,1,1,1,1,2,2,2,3,3,5,3,4,5,3,3,2,1,1,1,1,1,1,1,1,1,1,1,1,1,1,1,2,3,2,3,3,3,3,2,1,1,1,1,1,1,2,3,4,6,7,7,8,11,11,10,11,12,15,14,13,15,12,9,7,3,1,1,1,1,1,1,1,1,1,1,1,2,2,2,3,3,5,3,4,5,5,7,4,6,7,5,5,3,1,1,1,1,1,1,1,1,1,1,1,1,1,1,1,1,1,1,1,1,1,1,2,2,2,3,3,5,3,4,5,5,7,4,6,7,5,5,3,1,1,1,1,1,1,1,1,1,1,2,3,2,3,3,3,3,2,3,3,3,3,2,1,2,3,4,6,7,7,8,11,11,10,11,12,15,14,13,15,16,19,17,16,19,16,13,10,4,1,1,1,1,1,1,2,2,2,3,3,5,3,4,5,5,7,4,6,7,7,9,5,8,9,7,7,4,1,1,1,1,1,1,1,1,1,1,1,1,1,1,1,1,1,2,2,2,3,3,5,3,4,5,5,7,4,6,7,7,9,5,8,9,7,7,4,1,1,1,1,1,2,3,2,3,3,3,3,2,3,3,3,3,2,3,3,3,3,2,1,1,1,1,1,1,1,1,1,2,3,2,3,3,3,2,1,2,2,2,2,1,2,2,2,2,1,2,2,2,2]