Input: <33 | ⇓(33) ⋈ a(λ(32, a(25, a(λ(28, a(a(28, λ(c(c(29, 30), 31), a(a(15, a(5, a(20, 29))), a(a(λ(11, λ(12, λ(13, λ(14, a(a(11, a(12, 13)), 14))))), a(6, a(21, 30))), a(24, 31))))), a(a(16, λ(ϵ, λ(0, 0))), 1))), 32))), 2), c(24, 25) ⋈ λ(26, a(26, λ(ϵ, λ(27, 27)))), c(20, 21) ⋈ λ(22, a(22, λ(23, λ(ϵ, 23)))), c(15, 16) ⋈ λ(17, λ(18, λ(19, a(a(19, 17), 18)))), c(5, 6) ⋈ λ(7, λ(c(8, 9), λ(10, a(8, a(a(7, 9), 10))))), c(1, 2) ⋈ λ(3, λ(4, a(3, 4)))>
Output: <⇑(λ(46, λ(14, a(a(λ(c(197, 193), λ(204, a(197, a(a(λ(ϵ, λ(748, 748)), 193), 204)))), a(λ(724, λ(668, a(724, 668))), 46)), 14)))) | >
Reduction count: 323
Parallel width: 11
Parallel height: 124
Parallel width history: [6,7,9,8,8,5,3,1,2,2,1,1,1,1,1,1,2,4,4,2,2,2,2,2,1,1,1,1,1,1,1,1,1,1,1,1,2,1,1,1,1,1,2,4,7,11,11,10,6,3,3,3,4,4,4,3,3,3,3,4,6,6,5,3,3,3,4,5,4,3,3,3,4,4,4,5,4,2,2,2,2,2,2,2,2,1,1,1,1,1,1,1,1,1,1,1,1,1,1,1,1,1,1,2,1,1,1,1,1,1,2,3,1,1,1,1,1,2,3,2,3,3,3,2]