Input net: <34 | ⇓(34) ⋈ a(λ(33, a(26, a(λ(29, a(a(29, λ(c(c(30, 31), 32), a(a(16, a(6, a(21, 30))), a(a(λ(12, λ(13, λ(14, λ(15, a(a(12, a(13, 14)), 15))))), a(7, a(22, 31))), a(25, 32))))), a(a(17, λ(ϵ, λ(0, 0))), λ(1, λ(2, a(1, 2)))))), 33))), λ(c(3, 4), λ(5, a(3, a(4, 5))))), c(25, 26) ⋈ λ(27, a(27, λ(ϵ, λ(28, 28)))), c(21, 22) ⋈ λ(23, a(23, λ(24, λ(ϵ, 24)))), c(16, 17) ⋈ λ(18, λ(19, λ(20, a(a(20, 18), 19)))), c(6, 7) ⋈ λ(8, λ(c(9, 10), λ(11, a(9, a(a(8, 10), 11)))))>
Output net: <⇑(λ(864, λ(690, a(a(λ(c(705, 701), λ(706, a(705, a(a(λ(c(1723, 1719), λ(1730, a(1723, a(a(λ(ϵ, λ(2026, 2026)), 1719), 1730)))), 701), 706)))), a(λ(1808, λ(1662, a(a(λ(c(1855, 1851), λ(1862, a(1855, a(a(λ(ϵ, λ(2130, 2130)), 1851), 1862)))), a(λ(1878, λ(1950, a(1878, 1950))), 1808)), 1662))), 864)), 690)))) | >
Reduction count: 607
Parallel width: 12
Parallel height: 295