Input: <37 | ⇓(37) ⋈ a(λ(36, a(29, a(λ(32, a(a(32, λ(c(c(33, 34), 35), a(a(19, a(9, a(24, 33))), a(a(λ(15, λ(16, λ(17, λ(18, a(a(15, a(16, 17)), 18))))), a(10, a(25, 34))), a(28, 35))))), a(a(20, λ(ϵ, λ(0, 0))), λ(1, λ(2, a(1, 2)))))), 36))), λ(c(c(c(3, 4), c(5, 6)), 7), λ(8, a(7, a(3, a(4, a(5, a(6, 8)))))))), c(28, 29) ⋈ λ(30, a(30, λ(ϵ, λ(31, 31)))), c(24, 25) ⋈ λ(26, a(26, λ(27, λ(ϵ, 27)))), c(19, 20) ⋈ λ(21, λ(22, λ(23, a(a(23, 21), 22)))), c(9, 10) ⋈ λ(11, λ(c(12, 13), λ(14, a(12, a(a(11, 13), 14)))))>
Output: <⇑(λ(2038, λ(1268, a(a(λ(c(1301, 1297), λ(1308, a(1301, a(a(λ(c(7801, 7797), λ(7808, a(7801, a(a(λ(c(8113, 8109), λ(8120, a(8113, a(a(λ(c(8545, 8541), λ(8552, a(8545, a(a(λ(c(9097, 9093), λ(9104, a(9097, a(a(λ(ϵ, λ(9760, 9760)), 9093), 9104)))), 8541), 8552)))), 8109), 8120)))), 7797), 7808)))), 1297), 1308)))), a(λ(7886, λ(7740, a(a(λ(c(7933, 7929), λ(7940, a(7933, a(a(λ(c(8293, 8289), λ(8300, a(8293, a(a(λ(c(8773, 8769), λ(8780, a(8773, a(a(λ(c(9373, 9369), λ(9380, a(9373, a(a(λ(ϵ, λ(10008, 10008)), 9369), 9380)))), 8769), 8780)))), 8289), 8300)))), 7929), 7940)))), a(λ(7956, λ(8028, a(a(λ(c(8321, 8317), λ(8328, a(8321, a(a(λ(c(8801, 8797), λ(8808, a(8801, a(a(λ(c(9401, 9397), λ(9408, a(9401, a(a(λ(ϵ, λ(10028, 10028)), 9397), 9408)))), 8797), 8808)))), 8317), 8328)))), a(λ(8344, λ(8440, a(a(λ(c(8829, 8825), λ(8836, a(8829, a(a(λ(c(9429, 9425), λ(9436, a(9429, a(a(λ(ϵ, λ(10048, 10048)), 9425), 9436)))), 8825), 8836)))), a(λ(8852, λ(8972, a(a(λ(c(9457, 9453), λ(9464, a(9457, a(a(λ(ϵ, λ(10068, 10068)), 9453), 9464)))), a(λ(9480, λ(9624, a(9480, 9624))), 8852)), 8972))), 8344)), 8440))), 7956)), 8028))), 7886)), 7740))), 2038)), 1268)))) | >
Reduction count: 2650
Parallel width: 42
Parallel height: 652
Parallel width history: [5,5,8,6,8,5,3,1,1,1,1,1,1,1,1,1,1,1,1,1,1,1,2,4,8,12,18,24,33,38,42,42,38,31,21,9,1,1,1,1,1,1,1,1,1,1,1,1,1,1,1,1,1,1,1,1,1,2,3,4,6,7,7,4,1,1,1,1,1,1,1,1,1,1,1,1,1,1,1,1,1,1,1,1,1,1,1,1,2,2,2,3,1,1,1,1,1,1,1,1,1,1,1,1,1,1,1,1,1,1,1,1,1,1,1,1,1,1,1,1,1,1,1,1,1,1,1,2,2,2,3,1,1,1,1,1,1,1,1,1,1,1,1,1,1,1,1,1,1,1,1,1,1,1,2,3,2,1,1,1,1,1,1,1,1,1,1,1,2,3,4,6,7,7,8,11,11,10,11,8,5,4,2,1,1,1,1,1,1,1,1,1,1,1,1,1,1,1,1,2,2,2,3,3,5,3,4,5,3,3,2,1,1,1,1,1,1,1,1,1,1,1,1,1,1,1,1,1,1,1,1,1,1,1,1,1,1,1,2,2,2,3,3,5,3,4,5,3,3,2,1,1,1,1,1,1,1,1,1,1,1,1,1,1,1,2,3,2,3,3,3,3,2,1,1,1,1,1,1,2,3,4,6,7,7,8,11,11,10,11,12,15,14,13,15,12,9,7,3,1,1,1,1,1,1,1,1,1,1,1,2,2,2,3,3,5,3,4,5,5,7,4,6,7,5,5,3,1,1,1,1,1,1,1,1,1,1,1,1,1,1,1,1,1,1,1,1,1,1,2,2,2,3,3,5,3,4,5,5,7,4,6,7,5,5,3,1,1,1,1,1,1,1,1,1,1,2,3,2,3,3,3,3,2,3,3,3,3,2,1,2,3,4,6,7,7,8,11,11,10,11,12,15,14,13,15,16,19,17,16,19,16,13,10,4,1,1,1,1,1,1,2,2,2,3,3,5,3,4,5,5,7,4,6,7,7,9,5,8,9,7,7,4,1,1,1,1,1,1,1,1,1,1,1,1,1,1,1,1,1,2,2,2,3,3,5,3,4,5,5,7,4,6,7,7,9,5,8,9,7,7,4,1,1,1,1,1,2,3,2,3,3,3,3,2,3,3,3,3,2,3,4,5,6,7,7,7,8,11,11,10,11,12,15,14,13,15,16,19,17,16,19,20,23,20,19,23,20,17,13,5,1,2,2,2,3,3,5,3,4,5,5,7,4,6,7,7,9,5,8,9,9,11,6,10,11,9,9,5,1,1,1,1,1,1,1,1,1,1,1,1,2,2,2,3,3,5,3,4,5,5,7,4,6,7,7,9,5,8,9,9,11,6,10,11,9,9,5,2,3,2,3,3,3,3,2,3,3,3,3,2,3,3,3,3,2,3,3,3,3,2,1,1,1,1,2,3,2,3,3,3,2,1,2,2,2,2,1,2,2,2,2,1,2,2,2,2,1,2,2,2,2]