Input net: <8 | ⇓(8) ⋈ a(λ(6, a(6, λ(7, λ(ϵ, 7)))), a(a(λ(3, λ(4, λ(5, a(a(5, 3), 4)))), λ(1, λ(2, a(1, 2)))), λ(ϵ, λ(0, 0))))>
Output net: <⇑(λ(15, λ(2, a(15, 2)))) | >
Reduction count: 40
Parallel width: 2
Parallel height: 38