Input: <8 | ⇓(8) ⋈ a(λ(6, a(6, λ(7, λ(ϵ, 7)))), a(a(λ(3, λ(4, λ(5, a(a(5, 3), 4)))), λ(1, λ(2, a(1, 2)))), λ(ϵ, λ(0, 0))))>
Output: <⇑(λ(15, λ(2, a(15, 2)))) | >
Reduction count: 52
Parallel width: 3
Parallel height: 42
Parallel width history: [1,2,2,3,1,1,1,1,1,1,1,1,1,1,1,1,1,1,1,1,1,2,1,1,1,1,1,1,2,3,1,1,1,1,1,1,1,1,1,1,2,2]