Configuration {heap = fromList [], stack = [(AnnTerm [Nothing] (Agent Succ [Agent Zero []]),AnnTerm [Just 3,Just 4,Nothing] (Agent Add [Var 3,Var 4]))], phi = fromList [(1,3),(2,4),(3,1),(4,2)], iface = [AnnTerm [] (Var 1),AnnTerm [] (Var 2)], cycles = fromList [], threadState = Delist}