Configuration {heap = fromList [], stack = Just (AnnTerm [Nothing] (Agent Succ [Agent Zero []]),AnnTerm [Just 2,Nothing] (Agent Add [Agent Zero [],Var 2])) :| [Nothing], phi = fromList [(1,2),(2,1)], iface = [AnnTerm [] (Var 1)], cycles = fromList [], threadState = Delist}