Input net: Net {terms = [Var 34], equations = [(Agent DownArrow [Var 34],Agent A [Agent Lambda [Var 33,Agent A [Var 26,Agent A [Agent Lambda [Var 29,Agent A [Agent A [Var 29,Agent Lambda [Agent C [Agent C [Var 30,Var 31],Var 32],Agent A [Agent A [Var 16,Agent A [Var 6,Agent A [Var 21,Var 30]]],Agent A [Agent A [Agent Lambda [Var 12,Agent Lambda [Var 13,Agent Lambda [Var 14,Agent Lambda [Var 15,Agent A [Agent A [Var 12,Agent A [Var 13,Var 14]],Var 15]]]]],Agent A [Var 7,Agent A [Var 22,Var 31]]],Agent A [Var 25,Var 32]]]]],Agent A [Agent A [Var 17,Agent Lambda [Agent Epsilon [],Agent Lambda [Var 0,Var 0]]],Agent Lambda [Var 1,Agent Lambda [Var 2,Agent A [Var 1,Var 2]]]]]],Var 33]]],Agent Lambda [Agent C [Var 3,Var 4],Agent Lambda [Var 5,Agent A [Var 3,Agent A [Var 4,Var 5]]]]]),(Agent C [Var 25,Var 26],Agent Lambda [Var 27,Agent A [Var 27,Agent Lambda [Agent Epsilon [],Agent Lambda [Var 28,Var 28]]]]),(Agent C [Var 21,Var 22],Agent Lambda [Var 23,Agent A [Var 23,Agent Lambda [Var 24,Agent Lambda [Agent Epsilon [],Var 24]]]]),(Agent C [Var 16,Var 17],Agent Lambda [Var 18,Agent Lambda [Var 19,Agent Lambda [Var 20,Agent A [Agent A [Var 20,Var 18],Var 19]]]]),(Agent C [Var 6,Var 7],Agent Lambda [Var 8,Agent Lambda [Agent C [Var 9,Var 10],Agent Lambda [Var 11,Agent A [Var 9,Agent A [Agent A [Var 8,Var 10],Var 11]]]]])]}
Output net: Net {terms = [Agent UpArrow [Agent Lambda [Var 308,Agent Lambda [Var 282,Agent A [Agent A [Agent Lambda [Agent C [Var 1490,Var 1508],Agent Lambda [Var 1482,Agent A [Var 1490,Agent A [Agent A [Agent Lambda [Agent C [Var 2062,Var 2080],Agent Lambda [Var 2054,Agent A [Var 2062,Agent A [Agent A [Agent Lambda [Agent Epsilon [],Agent Lambda [Var 2998,Var 2998]],Var 2080],Var 2054]]]],Var 1508],Var 1482]]]],Agent A [Agent Lambda [Var 2336,Agent Lambda [Var 2310,Agent A [Agent A [Agent Lambda [Agent C [Var 2390,Var 2408],Agent Lambda [Var 2382,Agent A [Var 2390,Agent A [Agent A [Agent Lambda [Agent Epsilon [],Agent Lambda [Var 2422,Var 2422]],Var 2408],Var 2382]]]],Agent A [Agent Lambda [Var 2342,Agent Lambda [Var 2350,Agent A [Var 2342,Var 2350]]],Var 2336]],Var 2310]]],Var 308]],Var 282]]]]], equations = []}